Command: c:\Espressif\esp-idf-v5.5\tools\python_env\idf5.5_py3.11_env\Scripts\python.exe c:\Espressif\esp-idf-v5.5\tools/idf_monitor.py -p COM3 -b 115200 --toolchain-prefix xtensa-esp32-elf- --target esp32 --revision 0 C:\Users\acer\Desktop\STC\LAB09\Week-09-Special_topics_2568\LEDPWM\build\LEDPWM.elf C:\Users\acer\Desktop\STC\LAB09\Week-09-Special_topics_2568\LEDPWM\build\bootloader\bootloader.elf --force-color -m 'c:\Espressif\esp-idf-v5.5\tools\python_env\idf5.5_py3.11_env\Scripts\python.exe' 'c:\Espressif\esp-idf-v5.5\tools\idf.py'
ê‹•ï¿½      : DIO
[0;32mI (41)ï¿½ets Jul 29 2019 12:21:46[0m

rst:0x1 (POWERON_RESET),boot:0x13 (SPI_FAST_FLASH_BOOT)
configsip: 0, SPIWP:0xee
clk_drv:0x00,q_drv:0x00,d_drv:0x00,cs0_drv:0x00,hd_drv:0x00,wp_drv:0x00
mode:DIO, clock div:2
load:0x3fff0030,len:6380
ho 0 tail 12 room 4
load:0x40078000,len:15916
load:0x40080400,len:3860
entry 0x40080638
[0;32mI (29) boot: ESP-IDF v5.5-dirty 2nd stage bootloader[0m
[0;32mI (29) boot: compile time Sep 10 2025 22:49:50[0m
[0;32mI (29) boot: Multicore bootloader[0m
[0;32mI (31) boot: chip revision: v3.0[0m
[0;32mI (34) boot.esp32: SPI Speed      : 40MHz[0m
[0;32mI (37) boot.esp32: SPI Mode       : DIO[0m
[0;32mI (41) boot.esp32: SPI Flash Size : 2MB[0m
[0;32mI (45) boot: Enabling RNG early entropy source...[0m
[0;32mI (49) boot: Partition Table:[0m
[0;32mI (52) boot: ## Label            Usage          Type ST Offset   Length[0m
[0;32mI (58) boot:  0 nvs              WiFi data        01 02 00009000 00006000[0m
[0;32mI (65) boot:  1 phy_init         RF data          01 01 0000f000 00001000[0m
[0;32mI (71) boot:  2 factory          factory app      00 00 00010000 00100000[0m
[0;32mI (78) boot: End of partition table[0m
[0;32mI (81) esp_image: segment 0: paddr=00010020 vaddr=3f400020 size=0a920h ( 43296) map[0m
[0;32mI (103) esp_image: segment 1: paddr=0001a948 vaddr=3ff80000 size=00020h (    32) load[0m
[0;32mI (103) esp_image: segment 2: paddr=0001a970 vaddr=3ffb0000 size=02430h (  9264) load[0m
[0;32mI (111) esp_image: segment 3: paddr=0001cda8 vaddr=40080000 size=03270h ( 12912) load[0m
[0;32mI (120) esp_image: segment 4: paddr=00020020 vaddr=400d0020 size=150e4h ( 86244) map[0m
[0;32mI (152) esp_image: segment 5: paddr=0003510c vaddr=40083270 size=0a2e8h ( 41704) load[0m
[0;32mI (175) boot: Loaded app from partition at offset 0x10000[0m
[0;32mI (175) boot: Disabling RNG early entropy source...[0m
[0;32mI (185) cpu_start: Multicore app[0m
[0;32mI (193) cpu_start: Pro cpu start user code[0m
[0;32mI (194) cpu_start: cpu freq: 160000000 Hz[0m
[0;32mI (194) app_init: Application information:[0m
[0;32mI (194) app_init: Project name:     LEDPWM[0m
[0;32mI (197) app_init: App version:      9bc9b1a[0m
[0;32mI (201) app_init: Compile time:     Sep 10 2025 22:49:08[0m
[0;32mI (206) app_init: ELF file SHA256:  7538af405...[0m
[0;32mI (211) app_init: ESP-IDF:          v5.5-dirty[0m
[0;32mI (215) efuse_init: Min chip rev:     v0.0[0m
[0;32mI (219) efuse_init: Max chip rev:     v3.99 [0m
[0;32mI (223) efuse_init: Chip rev:         v3.0[0m
[0;32mI (227) heap_init: Initializing. RAM available for dynamic allocation:[0m
[0;32mI (233) heap_init: At 3FFAE6E0 len 00001920 (6 KiB): DRAM[0m
[0;32mI (238) heap_init: At 3FFB2D58 len 0002D2A8 (180 KiB): DRAM[0m
[0;32mI (243) heap_init: At 3FFE0440 len 00003AE0 (14 KiB): D/IRAM[0m
[0;32mI (249) heap_init: At 3FFE4350 len 0001BCB0 (111 KiB): D/IRAM[0m
[0;32mI (254) heap_init: At 4008D558 len 00012AA8 (74 KiB): IRAM[0m
[0;32mI (261) spi_flash: detected chip: generic[0m
[0;32mI (263) spi_flash: flash io: dio[0m
[0;33mW (266) spi_flash: Detected size(4096k) larger than the size in the binary image header(2048k). Using the size in the binary image header.[0m
[0;32mI (279) main_task: Started on CPU0[0m
[0;32mI (289) main_task: Calling app_main()[0m
[0;32mI (289) PWM_BREATHING: Starting PWM Breathing Effect[0m
[0;32mI (289) PWM_BREATHING: Breathing IN...[0m
[0;32mI (1929) PWM_BREATHING: Breathing OUT...[0m
[0;32mI (3569) PWM_BREATHING: Breathing IN...[0m
[0;32mI (5209) PWM_BREATHING: Breathing OUT...[0m
[0;32mI (6849) PWM_BREATHING: Breathing IN...[0m
[0;32mI (8489) PWM_BREATHING: Breathing OUT...[0m
[0;32mI (10129) PWM_BREATHING: Breathing IN...[0m
[0;32mI (11769) PWM_BREATHING: Breathing OUT...[0m
[0;32mI (13409) PWM_BREATHING: Breathing IN...[0m
[0;32mI (15049) PWM_BREATHING: Breathing OUT...[0m
[0;32mI (16689) PWM_BREATHING: Breathing IN...[0m
[0;32mI (18329) PWM_BREATHING: Breathing OUT...[0m
[0;32mI (19969) PWM_BREATHING: Breathing IN...[0m
[0;32mI (21609) PWM_BREATHING: Breathing OUT...[0m
[0;32mI (23249) PWM_BREATHING: Breathing IN...[0m
[0;32mI (24889) PWM_BREATHING: Breathing OUT...[0m
[0;32mI (26529) PWM_BREATHING: Breathing IN...[0m
[0;32mI (28169) PWM_BREATHING: Breathing OUT...[0m
[0;32mI (29809) PWM_BREATHING: Breathing IN...[0m
[0;32mI (31449) PWM_BREATHING: Breathing OUT...[0m
[0;32mI (33089) PWM_BREATHING: Breathing IN...[0m
[0;32mI (34729) PWM_BREATHING: Breathing OUT...[0m
[0;32mI (36369) PWM_BREATHING: Breathing IN...[0m
[0;32mI (38009) PWM_BREATHING: Breathing OUT...[0m
[0;32mI (39649) PWM_BREATHING: Breathing IN...[0m
[0;32mI (41289) PWM_BREATHING: Breathing OUT...[0m
[0;32mI (42929) PWM_BREATHING: Breathing IN...[0m
[0;32mI (44569) PWM_BREATHING: Breathing OUT...[0m
[0;32mI (46209) PWM_BREATHING: Breathing IN...[0m
[0;32mI (47849) PWM_BREATHING: Breathing OUT...[0m
[0;32mI (49489) PWM_BREATHING: Breathing IN...[0m
[0;32mI (51129) PWM_BREATHING: Breathing OUT...[0m
[0;32mI (52769) PWM_BREATHING: Breathing IN...[0m
[0;32mI (54409) PWM_BREATHING: Breathing OUT...[0m
[0;32mI (56049) PWM_BREATHING: Breathing IN...[0m
[0;32mI (57689) PWM_BREATHING: Breathing OUT...[0m
[0;32mI (59329) PWM_BREATHING: Breathing IN...[0m
[0;32mI (60969) PWM_BREATHING: Breathing OUT...[0m
[0;32mI (62609) PWM_BREATHING: Breathing IN...[0m
[0;32mI (64249) PWM_BREATHING: Breathing OUT...[0m
[0;32mI (65889) PWM_BREATHING: Breathing IN...[0m
[0;32mI (67529) PWM_BREATHING: Breathing OUT...[0m
[0;32mI (69169) PWM_BREATHING: Breathing IN...[0m
[0;32mI (70809) PWM_BREATHING: Breathing OUT...[0m
[0;32mI (72449) PWM_BREATHING: Breathing IN...[0m
[0;32mI (74089) PWM_BREATHING: Breathing OUT...[0m
